{
  "login": "foobar",
  "admin": false,
  "changed_at": "2016-04-24T10:30:07+02:00",
  "created_at": "2016-04-24T10:30:07+02:00",
  "version": 23
}