{
  "name": "Mario Drees",
  "email_address": "bela_freigang@herweg.com",
  "phone_numbers": [],
  "address": {},
  "changed_at": "2016-04-24T10:30:07+00:00",
  "created_at": "2016-04-24T10:30:07+00:00",
  "version": 1
}