{
  "login": "x",
  "admin": true,
  "changed_at": "2016-03-24T10:30:07+02:00",
  "created_at": "2016-01-24T10:30:07+02:00",
  "version": 5
}