{
  "name": "Mario Drees",
  "email_address": "bela_freigang@herweg.com",
  "phone_numbers": [
    {
      "type": "w√∂rk",
      "number": "1234123 3074101"
    }
  ],
  "address": {
    "street": "Lower High St. 23",
    "postal_code": "1234",
    "state": "California",
    "city": "London",
    "country": "GB"
  },
  "changed_at": "2016-04-24T10:30:07+00:00",
  "created_at": "2016-04-24T10:30:07+00:00",
  "version": 5
}